Failed to initialize LLM provider groq: LLMConfig.__init__() missing 1 required positional argument: 'api_key'
Failed to initialize LLM provider groq: LLMConfig.__init__() missing 1 required positional argument: 'api_key'
Failed to initialize LLM provider groq: LLMConfig.__init__() missing 1 required positional argument: 'api_key'
Failed to initialize LLM provider groq: LLMConfig.__init__() missing 1 required positional argument: 'api_key'
Failed to initialize LLM provider groq: LLMConfig.__init__() missing 1 required positional argument: 'api_key'

🎭 TESTING CONVERSATIONAL AI WITH FULL PIPELINE
======================================================================

📍 Session: conversation-test-001
📊 Testing 4 conversation turns


======================================================================
TURN 1: Define reactive power
Query: "What is reactive power?"
======================================================================
🔍 REFINE PHASE DEBUG:
🔍   is_followup: False
🔍   query: What is reactive power?
🔍   session_history length: 0
🔍 ❌ NOT A COMPARISON - calling standard _refine_response
🔍   Reason: is_followup=False, is_comparison=unknown
🔍 Standard method returned response with 758 chars

🔍 TRACE REPORT: conversation-test-001
============================================================
📊 Total Duration: 6174.6ms
📈 Total Events: 28
🔧 Modules Called: tracer, ea_assistant, query_router, kg_loader, citation_validator, grounding_check, critic, archimate_parser

⏱️  STEP DURATIONS:
   ea_assistant.refine_response: 5979.5ms
   ea_assistant.retrieve_knowledge: 161.8ms
   query_router.route: 21.7ms
   grounding_check.assert_citations: 4.5ms
   ea_assistant.reflect: 3.7ms
   critic.assess: 0.2ms
   citation_validator.build_pool: 0.1ms
   archimate_parser.validate_togaf: 0.0ms

📝 TIMELINE:
   🚀 tracer.start_trace
   ℹ️  ea_assistant.process_query
   🚀 ea_assistant.reflect
   ✅ ea_assistant.reflect (3.7ms)
   🚀 query_router.route
   ℹ️  query_router.route
   ℹ️  query_router.check_structured_terms
   ℹ️  query_router.route_decision
   ✅ query_router.route (21.7ms)
   🚀 ea_assistant.retrieve_knowledge
   ℹ️  kg_loader.query_definitions
   ℹ️  ea_assistant.retrieve_complete
   ✅ ea_assistant.retrieve_knowledge (161.8ms)
   🚀 citation_validator.build_pool
   ✅ citation_validator.build_pool (0.1ms)
   🚀 ea_assistant.refine_response
   ✅ ea_assistant.refine_response (5979.5ms)
   🚀 grounding_check.assert_citations
   ℹ️  grounding_check.validation_start
   ℹ️  grounding_check.citations_extracted
   ℹ️  citation_validator.response_validation_start
   ℹ️  citation_validator.response_validation_complete
   ℹ️  grounding_check.validation_success
   ✅ grounding_check.assert_citations (4.5ms)
   🚀 critic.assess
   ✅ critic.assess (0.2ms)
   🚀 archimate_parser.validate_togaf
   ✅ archimate_parser.validate_togaf (0.0ms)
============================================================

📄 RESPONSE:
----------------------------------------------------------------------
**Reactive power**

The imaginary component of the apparent power at fundamental frequency, usually expressed in kilovar (‘kVAr’) or megavar (‘MVAr’).

---

**Reference:**
• **Vocabulary:** EUR-Lex Regulation
• **URI:** http://data.europa.eu/eli/terms/631-28
• **Citation:** `eurlex:631-28`

---

**Other Results Found:**
*Additional entries matching your search*

• **Active Power Violation**: A situation where the active power exceeds or falls below specified limits in the distribution syste... `skos:79`
• **Active power**: The real component of the apparent power at fundamental frequency, expr
...
----------------------------------------------------------------------

📊 METRICS:
   • Route: structured_model
   • Citations: ['skos:79']
   • Confidence: 0.79
   • Time: 6175ms
   • Review needed: False

💬 SESSION STATS:
   • Total turns: 1
   • Avg confidence: 0.79
   • Duration: 0.0 minutes
   • Key concepts: 79, reactive, power?

======================================================================
TURN 2: Define active power
Query: "What is active power?"
======================================================================
🔍 REFINE PHASE DEBUG:
🔍   is_followup: False
🔍   query: What is active power?
🔍   session_history length: 1
🔍 ❌ NOT A COMPARISON - calling standard _refine_response
🔍   Reason: is_followup=False, is_comparison=unknown
🔍 Standard method returned response with 817 chars

🔍 TRACE REPORT: conversation-test-001
============================================================
📊 Total Duration: 6912.8ms
📈 Total Events: 28
🔧 Modules Called: tracer, ea_assistant, query_router, kg_loader, citation_validator, grounding_check, critic, archimate_parser

⏱️  STEP DURATIONS:
   ea_assistant.refine_response: 6827.3ms
   ea_assistant.retrieve_knowledge: 84.2ms
   grounding_check.assert_citations: 0.7ms
   query_router.route: 0.1ms
   critic.assess: 0.1ms
   ea_assistant.reflect: 0.1ms
   citation_validator.build_pool: 0.0ms
   archimate_parser.validate_togaf: 0.0ms

📝 TIMELINE:
   🚀 tracer.start_trace
   ℹ️  ea_assistant.process_query
   🚀 ea_assistant.reflect
   ✅ ea_assistant.reflect (0.1ms)
   🚀 query_router.route
   ℹ️  query_router.route
   ℹ️  query_router.check_structured_terms
   ℹ️  query_router.route_decision
   ✅ query_router.route (0.1ms)
   🚀 ea_assistant.retrieve_knowledge
   ℹ️  kg_loader.query_definitions
   ℹ️  ea_assistant.retrieve_complete
   ✅ ea_assistant.retrieve_knowledge (84.2ms)
   🚀 citation_validator.build_pool
   ✅ citation_validator.build_pool (0.0ms)
   🚀 ea_assistant.refine_response
   ✅ ea_assistant.refine_response (6827.3ms)
   🚀 grounding_check.assert_citations
   ℹ️  grounding_check.validation_start
   ℹ️  grounding_check.citations_extracted
   ℹ️  citation_validator.response_validation_start
   ℹ️  citation_validator.response_validation_complete
   ℹ️  grounding_check.validation_success
   ✅ grounding_check.assert_citations (0.7ms)
   🚀 critic.assess
   ✅ critic.assess (0.1ms)
   🚀 archimate_parser.validate_togaf
   ✅ archimate_parser.validate_togaf (0.0ms)
============================================================

📄 RESPONSE:
----------------------------------------------------------------------
**Active power**

The real component of the apparent power at fundamental frequency, expressed in watts or multiples thereof such as kilowatts (‘kW’) or megawatts (‘MW’).

---

**Reference:**
• **Vocabulary:** EUR-Lex Regulation
• **URI:** http://data.europa.eu/eli/terms/631-20
• **Citation:** `eurlex:631-20`

---

**Other Results Found:**
*Additional entries matching your search*

• **Active Power Violation**: A situation where the active power exceeds or falls below specified limits in the distribution syste... `skos:79`
• **Active Power Violation**: A situation where the active power exceed
...
----------------------------------------------------------------------

📊 METRICS:
   • Route: structured_model
   • Citations: ['skos:79']
   • Confidence: 0.79
   • Time: 6913ms
   • Review needed: False

💬 SESSION STATS:
   • Total turns: 2
   • Avg confidence: 0.79
   • Duration: 0.1 minutes
   • Key concepts: 79, reactive, active, power?

======================================================================
TURN 3: Compare both
Query: "What is the difference between active and reactive power?"
======================================================================
🎯 RETRIEVAL ENHANCEMENT FOR FOLLOW-UP:
🎯   Original query: What is the difference between active and reactive power?
🎯   Previous query: What is reactive power?
🎯   Extracted terms: ['is reactive', 'reactive power?', 'what is reactive', 'is reactive power?', 'reactive']
🎯   Previous query: What is active power?
🎯   Extracted terms: ['is active', 'active power?', 'what is active', 'is active power?', 'active']
🎯   Filtered previous terms: ['reactive power?', 'active power?', 'active', 'reactive', 'power?']
🎯   Final retrieval query: What is the difference between active and reactive power? reactive power? active power? active
🎯 RETRIEVAL RESULTS:
🎯   Total candidates: 10
🎯   [0] Active power - eurlex:631-20
🎯   [1] Reactive power - eurlex:631-28
🎯   [2] Active Power Violation - skos:79
🎯   [3] Active Power Violation - skos:79
🎯   [4] Active Power Violation - skos:79
🔍 REFINE PHASE DEBUG:
🔍   is_followup: True
🔍   query: What is the difference between active and reactive power?GROUNDING PARTIAL: No citations in response, but 6 suggestions available
Grounding passed but no citations in result, using extracted
❌ [conversation-test-001] grounding_check.assert_citations ERROR: KG-based response lacks required citations | Suggestions: eurlex:631-28, eurlex:631-20, skos:79
Grounding violation: KG-based response lacks required citations | Suggestions: eurlex:631-28, eurlex:631-20, skos:79

🔍   session_history length: 2
🔍   _is_comparison_query result: True
🔍 ✅ COMPARISON DETECTED - calling _refine_response_for_comparison
🔍 CANDIDATES DEBUG:
🔍   [0] element: Active power
🔍       citation: eurlex:631-20
🔍       definition: The real component of the apparent power at fundamental frequency, expressed in ...
🔍   [1] element: Reactive power
🔍       citation: eurlex:631-28
🔍       definition: The imaginary component of the apparent power at fundamental frequency, usually ...
🔍   [2] element: Active Power Violation
🔍       citation: skos:79
🔍       definition: A situation where the active power exceeds or falls below specified limits in th...
🔍   [3] element: Active Power Violation
🔍       citation: skos:79
🔍       definition: A situation where the active power exceeds or falls below specified limits in th...
🔍   [4] element: Active Power Violation
🔍       citation: skos:79
🔍       definition: A situation where the active power exceeds or falls below specified limits in th...
🔍 Comparison method returned response with 1093 chars
🎯 RESPONSE PREVIEW:
🎯 **Comparison: Active power vs Reactive power**

    **Active power** [eurlex:631-20]:
    The real component of the apparent power at fundamental frequency, expressed in watts or multiples thereof such as kilowatts (‘kW’) or megawatts (‘MW’).

    **Reactive power** [eurlex:631-28]:
    The imaginary component of the apparent power at fundamental frequency, usually expressed in kilovar (‘kVAr’) or megavar (‘MVAr’).

    ---

    **Key Differences** [eurlex:631-20][eurlex:631-28]:

    From the d
🎯 Citation count in response: 10
Traceback (most recent call last):
  File "/Users/chuck/Dropbox/OWLVIEW/Products/AInsteinAlliander/test_conversation.py", line 88, in <module>
    asyncio.run(test_conversation())
  File "/usr/local/Cellar/python@3.11/3.11.13/Frameworks/Python.framework/Versions/3.11/lib/python3.11/asyncio/runners.py", line 190, in run
    return runner.run(main)
           ^^^^^^^^^^^^^^^^
  File "/usr/local/Cellar/python@3.11/3.11.13/Frameworks/Python.framework/Versions/3.11/lib/python3.11/asyncio/runners.py", line 118, in run
    return self._loop.run_until_complete(task)
           ^^^^^^^^^^^^^^^^^^^^^^^^^^^^^^^^^^^
  File "/usr/local/Cellar/python@3.11/3.11.13/Frameworks/Python.framework/Versions/3.11/lib/python3.11/asyncio/base_events.py", line 654, in run_until_complete
    return future.result()
           ^^^^^^^^^^^^^^^
  File "/Users/chuck/Dropbox/OWLVIEW/Products/AInsteinAlliander/test_conversation.py", line 41, in test_conversation
    response, trace = await agent.process_query(
                      ^^^^^^^^^^^^^^^^^^^^^^^^^^
  File "/Users/chuck/Dropbox/OWLVIEW/Products/AInsteinAlliander/src/agents/ea_assistant.py", line 1109, in process_query
    raise UngroundedReplyError(
src.exceptions.exceptions.UngroundedReplyError: KG-based response lacks required citations | Suggestions: eurlex:631-28, eurlex:631-20, skos:79
Unclosed client session
client_session: <aiohttp.client.ClientSession object at 0x133cb0b10>
Unclosed connector
connections: ['[(<aiohttp.client_proto.ResponseHandler object at 0x15387a510>, 56783.452868149)]']
connector: <aiohttp.connector.TCPConnector object at 0x133bf5250>
